<html>
<body>
<pre>
<h1>µVision Build Log</h1>
<h2>Tool Versions:</h2>
IDE-Version: ¦ÌVision V5.14.0.0
Copyright (C) 2015 ARM Ltd and ARM Germany GmbH. All rights reserved.
License Information: Yuan Yuan, HUST, LIC=W9630-BJEMJ-8WW2D-8WK1G-UFX8A-ERIDZ
 
Tool Versions:
Toolchain:       MDK-ARM Professional  Version: 5.14.0.0
Toolchain Path:  D:\STM32\MDK5\ARM\ARMCC\Bin
C Compiler:      Armcc.exe V5.05 update 1 (build 106)
Assembler:       Armasm.exe V5.05 update 1 (build 106)
Linker/Locator:  ArmLink.exe V5.05 update 1 (build 106)
Library Manager: ArmAr.exe V5.05 update 1 (build 106)
Hex Converter:   FromElf.exe V5.05 update 1 (build 106)
CPU DLL:         SARMCM3.DLL V5.14.0.0
Dialog DLL:      DCM.DLL V1.13.1.0
Target DLL:      STLink\ST-LINKIII-KEIL_SWO.dll V2.0.14.0_KEIL
Dialog DLL:      TCM.DLL V1.14.4.0
 
<h2>Project:</h2>
D:\User\Yuan\Desktop\missile02\MDK-ARM\missile02.uvprojx
Project File Date:  03/31/2020

<h2>Output:</h2>
Build target 'missile02'
compiling main.c...
compiling remote_control.c...
compiling motor_6020.c...
compiling L298.c...
linking...
Program Size: Code=10368 RO-data=456 RW-data=68 ZI-data=1780  
FromELF: creating hex file...
"missile02\missile02.axf" - 0 Error(s), 0 Warning(s).

<h2>Collection of Component include folders:</h2>
  D:\User\Yuan\Desktop\missile02\MDK-ARM\RTE

<h2>Collection of Component Files used:</h2>
</pre>
</body>
</html>
